should match snapshot with values/minimum.yaml:
  1: |
    apiVersion: apps/v1
    kind: Deployment
    metadata:
      labels:
        app.kubernetes.io/instance: RELEASE-NAME
        app.kubernetes.io/managed-by: Helm
        app.kubernetes.io/name: app-name
        app.kubernetes.io/version: 0.1.0
        helm.sh/chart: mz-app-0.1.0
      name: RELEASE-NAME
    spec:
      replicas: 1
      selector:
        matchLabels:
          app.kubernetes.io/instance: RELEASE-NAME
          app.kubernetes.io/name: app-name
      template:
        metadata:
          labels:
            app.kubernetes.io/instance: RELEASE-NAME
            app.kubernetes.io/name: app-name
        spec:
          containers:
            - image: 1234567890.dkr.ecr.eu-central-1.amazonaws.com/test-server:0.1.0
              imagePullPolicy: IfNotPresent
              livenessProbe:
                httpGet:
                  path: /
                  port: app
              name: app
              ports:
                - containerPort: 80
                  name: app
                  protocol: TCP
              readinessProbe:
                httpGet:
                  path: /
                  port: app
              resources:
                limits:
                  cpu: 200m
                  memory: 256Mi
                requests:
                  cpu: 100m
                  memory: 128Mi
          securityContext:
            sysctls:
              - name: net.ipv4.ip_unprivileged_port_start
                value: "0"
          serviceAccountName: RELEASE-NAME
          volumes: null
  2: |
    apiVersion: policy/v1
    kind: PodDisruptionBudget
    metadata:
      name: RELEASE-NAME
    spec:
      minAvailable: 50%
      selector:
        matchLabels:
          app.kubernetes.io/instance: RELEASE-NAME
          app.kubernetes.io/name: app-name
  3: |
    apiVersion: v1
    kind: Service
    metadata:
      labels:
        app.kubernetes.io/instance: RELEASE-NAME
        app.kubernetes.io/managed-by: Helm
        app.kubernetes.io/name: app-name
        app.kubernetes.io/version: 0.1.0
        helm.sh/chart: mz-app-0.1.0
      name: RELEASE-NAME
    spec:
      ports:
        - name: app
          port: 80
          protocol: TCP
          targetPort: app
      selector:
        app.kubernetes.io/instance: RELEASE-NAME
        app.kubernetes.io/name: app-name
      type: ClusterIP
