should match snapshot with values-ci.yaml:
  1: |
    apiVersion: v1
    data:
      SCRIPT_FILENAME: /html$fastcgi_script_name
    kind: ConfigMap
    metadata:
      name: RELEASE-NAME-resource-suffix-ingress-fcgi
  2: |
    apiVersion: networking.k8s.io/v1
    kind: Ingress
    metadata:
      annotations:
        cert-manager.io/cluster-issuer: default
        nginx.ingress.kubernetes.io/auth-realm: Authentication Required
        nginx.ingress.kubernetes.io/auth-secret: test-basic-auth
        nginx.ingress.kubernetes.io/auth-type: basic
        nginx.ingress.kubernetes.io/backend-protocol: FCGI
        nginx.ingress.kubernetes.io/fastcgi-index: index.php
        nginx.ingress.kubernetes.io/fastcgi-params-configmap: RELEASE-NAME-resource-suffix-ingress-fcgi
        nginx.ingress.kubernetes.io/rewrite-target: /api/$2
        nginx.ingress.kubernetes.io/use-regex: true
      labels:
        app.kubernetes.io/instance: RELEASE-NAME
        app.kubernetes.io/managed-by: Helm
        app.kubernetes.io/name: app-name
        app.kubernetes.io/version: 0.1.0
        helm.sh/chart: mz-app-0.1.0
      name: RELEASE-NAME-resource-suffix
    spec:
      ingressClassName: nginx-external
      rules:
        - host: test.matuszeman.dev
          http:
            paths:
              - backend:
                  service:
                    name: RELEASE-NAME-resource-suffix
                    port:
                      name: app
                path: /somepath(/|$)(.*)
                pathType: ImplementationSpecific
      tls:
        - hosts:
            - test.matuszeman.dev
          secretName: RELEASE-NAME-resource-suffix-ingress-tls
