should match snapshot with values-ci.yaml:
  1: |
    apiVersion: v1
    kind: ServiceAccount
    metadata:
      annotations:
        eks.amazonaws.com/role-arn: arn:aws:iam::123456789012:role/test-role
      labels:
        app.kubernetes.io/instance: RELEASE-NAME
        app.kubernetes.io/managed-by: Helm
        app.kubernetes.io/name: app-name
        app.kubernetes.io/version: 0.1.0
        helm.sh/chart: mz-app-0.1.0
      name: RELEASE-NAME-resource-suffix
