should match snapshot with values-ci.yaml:
  1: |
    apiVersion: autoscaling/v2
    kind: HorizontalPodAutoscaler
    metadata:
      labels:
        app.kubernetes.io/instance: RELEASE-NAME-resource-suffix
        app.kubernetes.io/managed-by: Helm
        app.kubernetes.io/name: app-name
        app.kubernetes.io/version: 0.1.0
      name: RELEASE-NAME-resource-suffix
    spec:
      behavior:
        scaleDown:
          policies:
            - periodSeconds: 60
              type: Percent
              value: 5
          stabilizationWindowSeconds: 600
        scaleUp:
          policies:
            - periodSeconds: 60
              type: Percent
              value: 5
            - periodSeconds: 60
              type: Pods
              value: 1
          selectPolicy: Max
          stabilizationWindowSeconds: 0
      maxReplicas: 10
      metrics:
        - resource:
            name: cpu
            target:
              averageUtilization: 80
              type: Utilization
          type: Resource
      minReplicas: 2
      scaleTargetRef:
        apiVersion: apps/v1
        kind: Deployment
        name: RELEASE-NAME-resource-suffix
when multi deployment:
  1: |
    apiVersion: autoscaling/v2
    kind: HorizontalPodAutoscaler
    metadata:
      labels:
        app.kubernetes.io/instance: RELEASE-NAME
        app.kubernetes.io/managed-by: Helm
        app.kubernetes.io/name: app-name
        app.kubernetes.io/version: 0.1.0
      name: RELEASE-NAME-one
    spec:
      behavior:
        scaleDown:
          policies:
            - periodSeconds: 60
              type: Percent
              value: 5
          stabilizationWindowSeconds: 600
        scaleUp:
          policies:
            - periodSeconds: 60
              type: Percent
              value: 5
            - periodSeconds: 60
              type: Pods
              value: 1
          selectPolicy: Max
          stabilizationWindowSeconds: 0
      maxReplicas: 10
      metrics:
        - resource:
            name: cpu
            target:
              averageUtilization: 80
              type: Utilization
          type: Resource
      minReplicas: 2
      scaleTargetRef:
        apiVersion: apps/v1
        kind: Deployment
        name: RELEASE-NAME-one
  2: |
    apiVersion: autoscaling/v2
    kind: HorizontalPodAutoscaler
    metadata:
      labels:
        app.kubernetes.io/instance: RELEASE-NAME
        app.kubernetes.io/managed-by: Helm
        app.kubernetes.io/name: app-name
        app.kubernetes.io/version: 0.1.0
      name: RELEASE-NAME-two
    spec:
      behavior:
        scaleDown:
          policies:
            - periodSeconds: 60
              type: Percent
              value: 5
          stabilizationWindowSeconds: 600
        scaleUp:
          policies:
            - periodSeconds: 60
              type: Percent
              value: 5
            - periodSeconds: 60
              type: Pods
              value: 1
          selectPolicy: Max
          stabilizationWindowSeconds: 0
      maxReplicas: 10
      metrics:
        - resource:
            name: cpu
            target:
              averageUtilization: 80
              type: Utilization
          type: Resource
      minReplicas: 2
      scaleTargetRef:
        apiVersion: apps/v1
        kind: Deployment
        name: RELEASE-NAME-two
