should match snapshot with values-ci.yaml:
  1: |
    apiVersion: v1
    kind: Service
    metadata:
      labels:
        app.kubernetes.io/instance: RELEASE-NAME-resource-suffix
        app.kubernetes.io/managed-by: Helm
        app.kubernetes.io/name: app-name
        app.kubernetes.io/version: 0.1.0
      name: RELEASE-NAME-resource-suffix
    spec:
      ports:
        - name: app
          port: 80
          protocol: TCP
          targetPort: apache
        - name: anotherport
          port: 9000
          targetPort: anotherport
      selector:
        app.kubernetes.io/instance: RELEASE-NAME-resource-suffix
        app.kubernetes.io/name: app-name
      type: ClusterIP
when multi deployment:
  1: |
    apiVersion: v1
    kind: Service
    metadata:
      labels:
        app.kubernetes.io/instance: RELEASE-NAME
        app.kubernetes.io/managed-by: Helm
        app.kubernetes.io/name: app-name
        app.kubernetes.io/version: 0.1.0
      name: RELEASE-NAME-one
    spec:
      ports:
        - name: app
          port: 80
          protocol: TCP
          targetPort: app
      selector:
        app.kubernetes.io/instance: RELEASE-NAME-one
        app.kubernetes.io/name: app-name
      type: ClusterIP
  2: |
    apiVersion: v1
    kind: Service
    metadata:
      labels:
        app.kubernetes.io/instance: RELEASE-NAME
        app.kubernetes.io/managed-by: Helm
        app.kubernetes.io/name: app-name
        app.kubernetes.io/version: 0.1.0
      name: RELEASE-NAME-two
    spec:
      ports:
        - name: app
          port: 80
          protocol: TCP
          targetPort: app
      selector:
        app.kubernetes.io/instance: RELEASE-NAME-two
        app.kubernetes.io/name: app-name
      type: ClusterIP
